Convert the following knowledge-proposal analysis into structured JSON. Include only the pages the analysis actually proposed; invent nothing.

Output ONLY valid JSON matching this exact schema (no markdown fences, no surrounding text):

{
  "patterns": [
    {
      "path": "review_patterns/example-slug.md",
      "kind": "pattern",
      "title": "Short human-readable title",
      "body": "# Review Pattern: ...\n\n**Review-Area**: ...\n**Severity**: ...\n\n## What to check\n...\n\n## Why it matters\n...",
      "rationale": "Why this recurring rule is worth capturing.",
      "confidence": "verified|likely|uncertain"
    }
  ],
  "memory": [
    {
      "path": "memory/example-slug.md",
      "kind": "memory",
      "title": "Short human-readable title",
      "body": "Free-form Markdown stating one durable decision.",
      "rationale": "Why this decision is worth recording.",
      "confidence": "verified|likely|uncertain"
    }
  ]
}

Set "kind" to "pattern" for every entry under "patterns" and "memory" for every entry under "memory". Use the exact wiki path from the analysis (slash form, e.g. "review_patterns/no-raw-sql.md"). Put the full authored page body in "body" — do NOT add any provenance marker. If the analysis proposed nothing, emit {"patterns": [], "memory": []}.

<analysis-output>
Propose review_patterns/escape-untrusted-fences.md: the fence-escaping fix recurs.

</analysis-output>