Transcribe the following code review output into structured JSON. This is a TRANSCRIPTION pass, not an analysis pass: extract every finding the review states and copy what it already decided — never re-classify, re-judge, or add anything the review did not provide.

Output ONLY valid JSON matching this exact schema (no markdown fences, no surrounding text):

{
  "findings": [
    {
      "id": "",
      "severity": "copy the finding's stated Severity label (BLOCKING|CRITICAL|WARNING|INFO); empty string if it states none",
      "title": "Short title",
      "file": "path/to/file.go",
      "line": 42,
      "line_end": 45,
      "pattern": "Pattern name if the review names one, otherwise omit",
      "actionability": "copy the finding's stated Actionability label (auto-fix|needs-discussion|architectural); empty string if it states none",
      "confidence": "copy the finding's stated Confidence label (verified|likely|uncertain); empty string if it states none",
      "problem": "Description of the problem",
      "action": "What should be done to fix it",
      "code_snippet": "The exact lines the review quoted, preserving indentation; omit if the review quoted none",
      "suggested_fix": "The replacement code or fix description the review gave; omit if it gave none",
      "fix_options": [
        {
          "id": "A",
          "approach": "One-sentence summary of the fix approach",
          "pros": "Short list of benefits",
          "cons": "Short list of drawbacks",
          "effort": "LOW|MED|HIGH",
          "risk_if_skipped": "What goes wrong if this option is NOT chosen"
        }
      ],
      "recommended_option": "A",
      "recommendation_reasoning": "1-2 sentences, copied from the review",
      "related_to": ["titles of related findings from this review"]
    }
  ],
  "summary": "Copy the review's overall summary",
  "recommendation": "Copy the review's merge recommendation",
  "source_finding_count": 0
}

Field rules — transcribe, do not analyze:
- "id": leave as empty string — it is assigned automatically.
- "severity", "actionability", "confidence": copy the label the finding STATES, verbatim. When the finding states no such label, leave the field an empty string ("") — NEVER infer, guess, or default one. Classification was decided upstream where the code was read; assigning it here is wrong.
- "code_snippet", "suggested_fix", "fix_options", "recommended_option", "recommendation_reasoning": copy them ONLY when the review states them. Do NOT invent a snippet, a fix, or an option set the review did not provide.
- "line_end": include only when the review gives a line range. Omit for a single-line issue.
- "related_to": include titles of other findings in this review that the review connects. Use an empty array if none.
- Extract ONLY findings actually present in the review output below. Do NOT invent new findings, and do NOT re-introduce any issue the review text explicitly suppressed or chose not to flag.
- If there are no findings, return an empty findings array.
- "source_finding_count": count the distinct findings in the <review-output> below from your reading of the source, and report that integer here. The "findings" array MUST then contain exactly that many entries — if it ends up shorter you dropped a finding during transcription, so recount the source and add the missing one back.

<review-output>
## Findings

- W: runner.go:42 — single-implementation interface adds indirection.

</review-output>