Convert the following code review output into structured JSON. Extract every finding mentioned.

Output ONLY valid JSON matching this exact schema (no markdown fences, no surrounding text):

{
  "findings": [
    {
      "id": "",
      "severity": "BLOCKING|CRITICAL|WARNING|INFO",
      "title": "Short title",
      "file": "path/to/file.go",
      "line": 42,
      "line_end": 45,
      "pattern": "Pattern name if triggered by a review pattern, otherwise omit",
      "actionability": "auto-fix|needs-discussion|architectural",
      "confidence": "verified|likely|uncertain",
      "problem": "Description of the problem",
      "action": "What should be done to fix it",
      "code_snippet": "The exact problematic lines from the diff, preserving indentation",
      "suggested_fix": "The exact replacement code for auto-fix findings (no markdown fences, no comments, correct indentation), or a concrete description for others",
      "fix_options": [
        {
          "id": "A",
          "approach": "One-sentence summary of the fix approach",
          "pros": "Short list of benefits",
          "cons": "Short list of drawbacks",
          "effort": "LOW|MED|HIGH",
          "risk_if_skipped": "What goes wrong if this option is NOT chosen"
        }
      ],
      "recommended_option": "A",
      "recommendation_reasoning": "1-2 sentences citing codebase pattern, review-pattern source, or project constraint",
      "related_to": ["titles of related findings from this review"]
    }
  ],
  "summary": "Overall summary: what was done well, key issues found, and overall quality assessment (2-4 sentences, balanced and constructive)",
  "recommendation": "Whether the PR should be merged and under what conditions"
}

Severity levels:
- BLOCKING: Fundamental architecture or security issues — PR must not be merged
- CRITICAL: Bugs, security vulnerabilities, severe problems — must be fixed before merge
- WARNING: Code quality issues, potential problems — should be fixed
- INFO: Style suggestions, minor improvements — optional

Actionability classification (determines fix approach):
- auto-fix: A senior engineer would apply this fix without discussion (dead code removal, N+1 query fixes, stale comment cleanup, magic number extraction, missing error wrapping, simple nil checks). These will be marked as AUTO-FIX — an agent should apply them directly.
- needs-discussion: Requires team input before fixing (security fixes, race condition resolutions, API/design changes, anything changing observable behavior). These will be marked as ASK — requires human confirmation.
- architectural: Fundamental design issue that needs a broader conversation (wrong abstraction, missing layer, significant refactor needed). These will be marked as ASK.

Confidence levels:
- verified: The issue is directly visible in the code with certainty
- likely: Strong evidence but depends on context outside the diff
- uncertain: Potential issue that requires further investigation

Field rules:
- Leave the "id" field as an empty string — it will be assigned automatically.
- "code_snippet": REQUIRED for every finding. Quote the exact lines from the diff.
- "suggested_fix": REQUIRED for auto-fix findings. Must contain ONLY the replacement code — no markdown fences, no inline comments explaining the fix, correct indentation from the original file. For other findings, provide a concrete description of what to change.
- "line_end": Include when the finding spans multiple lines. Omit if it is a single-line issue.
- "confidence": REQUIRED for every finding.
- "fix_options": REQUIRED (2-3 entries) for findings with actionability "needs-discussion" or "architectural". MUST be omitted (or an empty array) for "auto-fix" findings. Each entry: id ("A","B","C",…), approach, pros, cons, effort (LOW|MED|HIGH), risk_if_skipped.
- "recommended_option": REQUIRED when fix_options is set. Must equal one of the fix_options ids. Omit when fix_options is empty.
- "recommendation_reasoning": REQUIRED when recommended_option is set; 1-2 sentences. Omit otherwise.
- "related_to": Include titles of other findings in this review that are related. Use an empty array if none.
- Extract ONLY findings actually present in the review output below. Do NOT invent new findings, and do NOT re-introduce any issue the review text explicitly suppressed or chose not to flag.
- If there are no findings, return an empty findings array.

<review-output>
## Findings

- W: runner.go:42 — single-implementation interface adds indirection.

</review-output>